// Jest Snapshot v1, https://goo.gl/fbAQLP

exports[`test Registration render Registration snapshot 1`] = `
<div>
  <div
    className="register-class-final"
  >
    <br />
    <h1
      className="registerHeading fontWhite"
    >
      Register
    </h1>
    <div>
      <div
        className="Oms register-html"
      >
        <br />
        <Form
          className="register-form MyForm"
          inline={false}
          onSubmit={[Function]}
        >
          <ForwardRef
            className="form-row"
            noGutters={false}
          >
            <Col>
              <FormGroup>
                <ForwardRef
                  className="form-row"
                  noGutters={false}
                >
                  <label
                    className="label"
                    for="firstName"
                  >
                    First Name
                  </label>
                  <div
                    className="col-sm-10"
                  >
                    <FormControl
                      className="input"
                      id="firstName"
                      name="firstName"
                      onChange={[Function]}
                      placeholder="first name"
                      required={true}
                      type="firstName"
                    />
                  </div>
                </ForwardRef>
              </FormGroup>
            </Col>
            <Col>
              <FormGroup>
                <ForwardRef
                  className="form-row"
                  noGutters={false}
                >
                  <label
                    className="label"
                    for="lastName"
                  >
                    Last Name
                  </label>
                  <div
                    className="col-sm-10"
                  >
                    <FormControl
                      className="input"
                      id="lastName"
                      name="lastName"
                      onChange={[Function]}
                      placeholder="last name"
                      required={true}
                      type="lastName"
                    />
                  </div>
                </ForwardRef>
              </FormGroup>
            </Col>
          </ForwardRef>
          <ForwardRef
            className="form-row"
            noGutters={false}
          >
            <Col>
              <FormGroup>
                <ForwardRef
                  className="form-row"
                  noGutters={false}
                >
                  <label
                    className="label"
                    for="dob1"
                  >
                    DOB
                  </label>
                  <div
                    className="col-sm-10"
                  >
                    <FormControl
                      className="input"
                      id="dob1"
                      name="dateOfBirth"
                      onChange={[Function]}
                      onFocus={[Function]}
                      placeholder="date of birth"
                      required={true}
                      type="text"
                    />
                  </div>
                </ForwardRef>
              </FormGroup>
            </Col>
            <Col>
              <FormGroup>
                <ForwardRef
                  className="form-row"
                  noGutters={false}
                >
                  <label
                    className="label"
                    for="phone"
                  >
                    Phone
                  </label>
                  <div
                    className="col-sm-10"
                  >
                    <FormControl
                      className="input"
                      id="phone"
                      name="phone"
                      onChange={[Function]}
                      placeholder="phone number"
                      required={true}
                      type="number"
                    />
                  </div>
                </ForwardRef>
              </FormGroup>
            </Col>
          </ForwardRef>
          <FormGroup>
            <ForwardRef
              className="form-row"
              noGutters={false}
            >
              <label
                className="label"
                for="mail"
              >
                Mail
              </label>
              <div
                className="col-sm-11"
              >
                <FormControl
                  className="input"
                  id="mail"
                  name="mail"
                  onChange={[Function]}
                  placeholder="mail id"
                  required={true}
                  type="email"
                />
              </div>
            </ForwardRef>
          </FormGroup>
          <FormGroup>
            <ForwardRef
              className="form-row"
              noGutters={false}
            >
              <label
                className="label"
                for="addressLine1"
              >
                Address Line 1
              </label>
              <div
                className="col-sm-11"
              >
                <FormControl
                  className="input"
                  id="addressLine1"
                  name="addressLine1"
                  onChange={[Function]}
                  placeholder="house number and street name"
                  required={true}
                  type="text"
                />
              </div>
            </ForwardRef>
          </FormGroup>
          <FormGroup>
            <ForwardRef
              className="form-row"
              noGutters={false}
            >
              <label
                className="label"
                for="addressLine2"
              >
                Address Line 2
              </label>
              <div
                className="col-sm-11"
              >
                <FormControl
                  className="input"
                  id="addressLine2"
                  name="addressLine2"
                  onChange={[Function]}
                  placeholder="city"
                  required={true}
                  type="text"
                />
              </div>
            </ForwardRef>
          </FormGroup>
          <FormGroup>
            <ForwardRef
              className="form-row"
              noGutters={false}
            >
              <label
                className="label"
                for="state"
              >
                State
              </label>
              <div
                className="col-sm-11"
              >
                <FormControl
                  className="input"
                  id="state"
                  name="state"
                  onChange={[Function]}
                  placeholder="state"
                  required={true}
                  type="text"
                />
              </div>
            </ForwardRef>
          </FormGroup>
          <ForwardRef
            className="form-row"
            noGutters={false}
          >
            <Col>
              <FormGroup>
                <ForwardRef
                  className="form-row"
                  noGutters={false}
                >
                  <label
                    className="label"
                    for="country"
                  >
                    Country
                  </label>
                  <div
                    className="col-sm-10"
                  >
                    <FormControl
                      className="input"
                      id="country"
                      name="country"
                      onChange={[Function]}
                      placeholder="country"
                      required={true}
                      type="text"
                    />
                  </div>
                </ForwardRef>
              </FormGroup>
            </Col>
            <Col>
              <FormGroup>
                <ForwardRef
                  className="form-row"
                  noGutters={false}
                >
                  <label
                    className="label"
                    for="pincode1"
                  >
                    Pincode
                  </label>
                  <div
                    className="col-sm-10"
                  >
                    <FormControl
                      className="input"
                      id="pincode1"
                      name="pincode"
                      onChange={[Function]}
                      placeholder="pincode"
                      required={true}
                      type="number"
                    />
                  </div>
                </ForwardRef>
              </FormGroup>
            </Col>
          </ForwardRef>
          <FormGroup>
            <ForwardRef
              className="form-row"
              noGutters={false}
            >
              <label
                className="label"
                for="username"
              >
                Username
              </label>
              <div
                className="col-sm-11"
              >
                <FormControl
                  className="input"
                  id="username"
                  name="username"
                  onChange={[Function]}
                  placeholder="username"
                  required={true}
                  type="text"
                />
              </div>
            </ForwardRef>
          </FormGroup>
          <FormGroup>
            <ForwardRef
              className="form-row"
              noGutters={false}
            >
              <label
                className="label"
                for="password"
              >
                Password
              </label>
              <div
                className="col-sm-11"
              >
                <FormControl
                  className="input"
                  id="password"
                  name="password"
                  onChange={[Function]}
                  placeholder="password"
                  required={true}
                  type="password"
                />
              </div>
            </ForwardRef>
          </FormGroup>
          <FormGroup>
            <ForwardRef
              className="form-row"
              noGutters={false}
            >
              <label
                className="label"
                for="role"
              >
                Role
              </label>
              <div
                className="col-sm-11"
              >
                <FormControl
                  as="select"
                  className="input"
                  id="role"
                  name="role"
                  onChange={[Function]}
                >
                  <option
                    disabled={true}
                    hidden={true}
                    selected={true}
                  >
                    role
                  </option>
                  <option
                    value="CUSTOMER"
                  >
                    CUSTOMER
                  </option>
                </FormControl>
              </div>
            </ForwardRef>
          </FormGroup>
          <Button
            active={false}
            className="registerPageButton RegisterButton"
            disabled={false}
            type="submit"
            variant="primary"
          >
            Submit
          </Button>
        </Form>
      </div>
    </div>
  </div>
</div>
`;
